// Jest Snapshot v1, https://goo.gl/fbAQLP

exports[`Navbar component snapshot test render Navbar unchanged 1`] = `
<div>
  <div
    class="headroom-wrapper"
  >
    <div
      class="headroom headroom--unfixed"
      style="position: relative; top: 0px; left: 0px; right: 0px; z-index: 1; transform: translate3D(0, 0, 0);"
    >
      <nav
        class="w-full bg-white text-gray-700"
      >
        <div
          class="navbar mx-auto md:container"
        >
          <div
            class="navbar-start"
          >
            <div
              class="dropdown"
            >
              <label
                class="btn btn-ghost lg:hidden"
                tabindex="0"
              >
                <svg
                  class="h-5 w-5"
                  fill="none"
                  stroke="currentColor"
                  viewBox="0 0 24 24"
                  xmlns="http://www.w3.org/2000/svg"
                >
                  <path
                    d="M4 6h16M4 12h8m-8 6h16"
                    stroke-linecap="round"
                    stroke-linejoin="round"
                    stroke-width="2"
                  />
                </svg>
              </label>
              <ul
                class="dropdown-content menu rounded-box menu-compact mt-3 w-52 bg-base-100 p-2 shadow"
                tabindex="0"
              >
                <li>
                  <a>
                    Item 1
                  </a>
                </li>
                <li
                  tabindex="0"
                >
                  <a
                    class="justify-between"
                  >
                    Parent
                    <svg
                      class="fill-current"
                      height="24"
                      viewBox="0 0 24 24"
                      width="24"
                      xmlns="http://www.w3.org/2000/svg"
                    >
                      <path
                        d="M8.59,16.58L13.17,12L8.59,7.41L10,6L16,12L10,18L8.59,16.58Z"
                      />
                    </svg>
                  </a>
                </li>
                <li>
                  <a>
                    Item 3
                  </a>
                </li>
              </ul>
            </div>
            <a
              class="btn btn-ghost text-2xl normal-case"
            >
              Arif.
            </a>
          </div>
          <div
            class="navbar-center hidden lg:flex"
          />
          <div
            class="navbar-end"
          >
            <a
              class="btn btn-primary"
            >
              <svg
                class="md:mr-2"
                fill="none"
                height="1em"
                stroke="currentColor"
                stroke-linecap="round"
                stroke-linejoin="round"
                stroke-width="2"
                viewBox="0 0 24 24"
                width="1em"
                xmlns="http://www.w3.org/2000/svg"
              >
                <path
                  d="M9 19c-5 1.5-5-2.5-7-3m14 6v-3.87a3.37 3.37 0 0 0-.94-2.61c3.14-.35 6.44-1.54 6.44-7A5.44 5.44 0 0 0 20 4.77 5.07 5.07 0 0 0 19.91 1S18.73.65 16 2.48a13.38 13.38 0 0 0-7 0C6.27.65 5.09 1 5.09 1A5.07 5.07 0 0 0 5 4.77a5.44 5.44 0 0 0-1.5 3.78c0 5.42 3.3 6.61 6.44 7A3.37 3.37 0 0 0 9 18.13V22"
                />
              </svg>
              <span
                class="hidden md:block"
              >
                View on Github
              </span>
            </a>
          </div>
        </div>
      </nav>
    </div>
  </div>
</div>
`;
